[
    {
        "name": "New Year's Day",
        "date": "1970-01-01"
    },
    {
        "name": "Eid al-Adha Eve",
        "date": "1970-02-16"
    },
    {
        "name": "Eid al-Adha",
        "date": "1970-02-17"
    },
    {
        "name": "Eid al-Adha Day 2",
        "date": "1970-02-18"
    },
    {
        "name": "Eid al-Adha Day 3",
        "date": "1970-02-19"
    },
    {
        "name": "Eid al-Adha Day 4",
        "date": "1970-02-20"
    },
    {
        "name": "Independence Day",
        "date": "1970-07-26"
    },
    {
        "name": "Victory Day",
        "date": "1970-11-03"
    },
    {
        "name": "Republic Day",
        "date": "1970-11-11"
    },
    {
        "name": "Eid al-Fitr Eve",
        "date": "1970-11-29"
    },
    {
        "name": "Eid al-Fitr",
        "date": "1970-11-30"
    },
    {
        "name": "Eid al-Fitr Day 2",
        "date": "1970-12-01"
    },
    {
        "name": "Eid al-Fitr Day 3",
        "date": "1970-12-02"
    }
]