[
    {
        "name": "New Year's Day",
        "date": "1974-01-01"
    },
    {
        "name": "Eid al-Adha Eve",
        "date": "1974-01-03"
    },
    {
        "name": "Eid al-Adha",
        "date": "1974-01-04"
    },
    {
        "name": "Eid al-Adha Day 2",
        "date": "1974-01-05"
    },
    {
        "name": "Eid al-Adha Day 3",
        "date": "1974-01-06"
    },
    {
        "name": "Eid al-Adha Day 4",
        "date": "1974-01-07"
    },
    {
        "name": "Independence Day",
        "date": "1974-07-26"
    },
    {
        "name": "Eid al-Fitr Eve",
        "date": "1974-10-16"
    },
    {
        "name": "Eid al-Fitr",
        "date": "1974-10-17"
    },
    {
        "name": "Eid al-Fitr Day 2",
        "date": "1974-10-18"
    },
    {
        "name": "Eid al-Fitr Day 3",
        "date": "1974-10-19"
    },
    {
        "name": "Victory Day",
        "date": "1974-11-03"
    },
    {
        "name": "Republic Day",
        "date": "1974-11-11"
    },
    {
        "name": "2. Eid al-Adha Eve",
        "date": "1974-12-23"
    },
    {
        "name": "2. Eid al-Adha",
        "date": "1974-12-24"
    },
    {
        "name": "2. Eid al-Adha Day 2",
        "date": "1974-12-25"
    },
    {
        "name": "2. Eid al-Adha Day 3",
        "date": "1974-12-26"
    },
    {
        "name": "2. Eid al-Adha Day 4",
        "date": "1974-12-27"
    }
]