[
    {
        "name": "New Year's Day",
        "date": "2016-01-01"
    },
    {
        "name": "National Day",
        "date": "2016-01-24"
    },
    {
        "name": "Eid al-Fitr Eve",
        "date": "2016-07-06"
    },
    {
        "name": "Eid al-Fitr",
        "date": "2016-07-07"
    },
    {
        "name": "Eid al-Fitr Day 2",
        "date": "2016-07-08"
    },
    {
        "name": "Eid al-Fitr Day 3",
        "date": "2016-07-09"
    },
    {
        "name": "Independence Day",
        "date": "2016-07-26"
    },
    {
        "name": "Eid al-Adha Eve",
        "date": "2016-09-11"
    },
    {
        "name": "Eid al-Adha",
        "date": "2016-09-12"
    },
    {
        "name": "Eid al-Adha Day 2",
        "date": "2016-09-13"
    },
    {
        "name": "Eid al-Adha Day 3",
        "date": "2016-09-14"
    },
    {
        "name": "Eid al-Adha Day 4",
        "date": "2016-09-15"
    },
    {
        "name": "Victory Day",
        "date": "2016-11-03"
    },
    {
        "name": "Republic Day",
        "date": "2016-11-11"
    }
]