[
    {
        "name": "New Year's Day",
        "date": "2006-01-01"
    },
    {
        "name": "Eid al-Adha Eve",
        "date": "2006-01-09"
    },
    {
        "name": "Eid al-Adha",
        "date": "2006-01-10"
    },
    {
        "name": "Eid al-Adha Day 2",
        "date": "2006-01-11"
    },
    {
        "name": "Eid al-Adha Day 3",
        "date": "2006-01-12"
    },
    {
        "name": "Eid al-Adha Day 4",
        "date": "2006-01-13"
    },
    {
        "name": "Independence Day",
        "date": "2006-07-26"
    },
    {
        "name": "Eid al-Fitr Eve",
        "date": "2006-10-22"
    },
    {
        "name": "Eid al-Fitr",
        "date": "2006-10-23"
    },
    {
        "name": "Eid al-Fitr Day 2",
        "date": "2006-10-24"
    },
    {
        "name": "Eid al-Fitr Day 3",
        "date": "2006-10-25"
    },
    {
        "name": "Victory Day",
        "date": "2006-11-03"
    },
    {
        "name": "Republic Day",
        "date": "2006-11-11"
    },
    {
        "name": "2. Eid al-Adha Eve",
        "date": "2006-12-30"
    },
    {
        "name": "2. Eid al-Adha",
        "date": "2006-12-31"
    }
]