[
    {
        "name": "New Year's Day",
        "date": "2001-01-01"
    },
    {
        "name": "Eid al-Adha Eve",
        "date": "2001-03-04"
    },
    {
        "name": "Eid al-Adha",
        "date": "2001-03-05"
    },
    {
        "name": "Eid al-Adha Day 2",
        "date": "2001-03-06"
    },
    {
        "name": "Eid al-Adha Day 3",
        "date": "2001-03-07"
    },
    {
        "name": "Eid al-Adha Day 4",
        "date": "2001-03-08"
    },
    {
        "name": "Independence Day",
        "date": "2001-07-26"
    },
    {
        "name": "Victory Day",
        "date": "2001-11-03"
    },
    {
        "name": "Republic Day",
        "date": "2001-11-11"
    },
    {
        "name": "Eid al-Fitr Eve",
        "date": "2001-12-15"
    },
    {
        "name": "Eid al-Fitr",
        "date": "2001-12-16"
    },
    {
        "name": "Eid al-Fitr Day 2",
        "date": "2001-12-17"
    },
    {
        "name": "Eid al-Fitr Day 3",
        "date": "2001-12-18"
    }
]