[
    {
        "name": "New Year's Day",
        "date": "2009-01-01"
    },
    {
        "name": "Independence Day",
        "date": "2009-07-26"
    },
    {
        "name": "Eid al-Fitr Eve",
        "date": "2009-09-19"
    },
    {
        "name": "Eid al-Fitr",
        "date": "2009-09-20"
    },
    {
        "name": "Eid al-Fitr Day 2",
        "date": "2009-09-21"
    },
    {
        "name": "Eid al-Fitr Day 3",
        "date": "2009-09-22"
    },
    {
        "name": "Victory Day",
        "date": "2009-11-03"
    },
    {
        "name": "Republic Day",
        "date": "2009-11-11"
    },
    {
        "name": "Eid al-Adha Eve",
        "date": "2009-11-26"
    },
    {
        "name": "Eid al-Adha",
        "date": "2009-11-27"
    },
    {
        "name": "Eid al-Adha Day 2",
        "date": "2009-11-28"
    },
    {
        "name": "Eid al-Adha Day 3",
        "date": "2009-11-29"
    },
    {
        "name": "Eid al-Adha Day 4",
        "date": "2009-11-30"
    }
]