[
    {
        "name": "New Year's Day",
        "date": "2008-01-01"
    },
    {
        "name": "Independence Day",
        "date": "2008-07-26"
    },
    {
        "name": "Eid al-Fitr Eve",
        "date": "2008-09-29"
    },
    {
        "name": "Eid al-Fitr",
        "date": "2008-09-30"
    },
    {
        "name": "Eid al-Fitr Day 2",
        "date": "2008-10-01"
    },
    {
        "name": "Eid al-Fitr Day 3",
        "date": "2008-10-02"
    },
    {
        "name": "Victory Day",
        "date": "2008-11-03"
    },
    {
        "name": "Republic Day",
        "date": "2008-11-11"
    },
    {
        "name": "Eid al-Adha Eve",
        "date": "2008-12-07"
    },
    {
        "name": "Eid al-Adha",
        "date": "2008-12-08"
    },
    {
        "name": "Eid al-Adha Day 2",
        "date": "2008-12-09"
    },
    {
        "name": "Eid al-Adha Day 3",
        "date": "2008-12-10"
    },
    {
        "name": "Eid al-Adha Day 4",
        "date": "2008-12-11"
    }
]